Seek EUSER.DLL ROM FILE with offset 2, mode address, return = 802953D2
