Nearest font to Series 60 Sans is: Series 60 Sans Regular (family: Series 60 Sans)
Font ascent: 1, descent: 0, max depth: 0, max height: 2, max width: 2
